Copyright 1986-2020 Xilinx, Inc. All Rights Reserved.
------------------------------------------------------------------------------------
| Tool Version : Vivado v.2020.2 (win64) Build 3064766 Wed Nov 18 09:12:45 MST 2020
| Date         : Mon Feb  5 17:41:44 2024
| Host         : AcerAspireEgo running 64-bit major release  (build 9200)
| Command      : report_control_sets -verbose -file top_control_sets_placed.rpt
| Design       : top
| Device       : xc7z010
------------------------------------------------------------------------------------

Control Set Information

Table of Contents
-----------------
1. Summary
2. Histogram
3. Flip-Flop Distribution
4. Detailed Control Set Information

1. Summary
----------

+----------------------------------------------------------+-------+
|                          Status                          | Count |
+----------------------------------------------------------+-------+
| Total control sets                                       |   205 |
|    Minimum number of control sets                        |   205 |
|    Addition due to synthesis replication                 |     0 |
|    Addition due to physical synthesis replication        |     0 |
| Unused register locations in slices containing registers |   648 |
+----------------------------------------------------------+-------+
* Control sets can be merged at opt_design using control_set_merge or merge_equivalent_drivers
** Run report_qor_suggestions for automated merging and remapping suggestions


2. Histogram
------------

+--------------------+-------+
|       Fanout       | Count |
+--------------------+-------+
| Total control sets |   205 |
| >= 0 to < 4        |    96 |
| >= 4 to < 6        |     0 |
| >= 6 to < 8        |     0 |
| >= 8 to < 10       |     0 |
| >= 10 to < 12      |     0 |
| >= 12 to < 14      |     0 |
| >= 14 to < 16      |     0 |
| >= 16              |   109 |
+--------------------+-------+
* Control sets can be remapped at either synth_design or opt_design


3. Flip-Flop Distribution
-------------------------

+--------------+-----------------------+------------------------+-----------------+--------------+
| Clock Enable | Synchronous Set/Reset | Asynchronous Set/Reset | Total Registers | Total Slices |
+--------------+-----------------------+------------------------+-----------------+--------------+
| No           | No                    | No                     |            3564 |         1591 |
| No           | No                    | Yes                    |               0 |            0 |
| No           | Yes                   | No                     |              36 |           36 |
| Yes          | No                    | No                     |               0 |            0 |
| Yes          | No                    | Yes                    |               0 |            0 |
| Yes          | Yes                   | No                     |               0 |            0 |
+--------------+-----------------------+------------------------+-----------------+--------------+


4. Detailed Control Set Information
-----------------------------------

+---------------------------------------------------------------------------------------------------------------------------+---------------+------------------------------------------------------------------------------------------------------+------------------+----------------+--------------+
|                                                        Clock Signal                                                       | Enable Signal |                                           Set/Reset Signal                                           | Slice Load Count | Bel Load Count | Bels / Slice |
+---------------------------------------------------------------------------------------------------------------------------+---------------+------------------------------------------------------------------------------------------------------+------------------+----------------+--------------+
|  redundancy_generation[2].fir_creation/redundancy_voters_generation_spares[0].generation3/index_reg[1]_i_1__14_n_7        |               | redundancy_generation[2].fir_creation/redundancy_voters_generation_spares[0].generation3/index[1]    |                1 |              1 |         1.00 |
|  first_section/main_voter/index_reg[1]_i_1__4_n_7                                                                         |               | first_section/main_voter/index[1]                                                                    |                1 |              1 |         1.00 |
|  first_section/redundancy_voters_generation_spares[1].generation3/index_reg[1]_i_1__3_n_7                                 |               | first_section/redundancy_voters_generation_spares[1].generation3/index[1]                            |                1 |              1 |         1.00 |
|  redundancy_generation[2].fir_creation/redundancy_voters_generation_originals[2].generation2/index_reg[0]/G0              |               |                                                                                                      |                1 |              1 |         1.00 |
|  redundancy_generation[2].fir_creation/redundancy_voters_generation_originals[1].generation2/index_reg[0]/G0              |               |                                                                                                      |                1 |              1 |         1.00 |
|  redundancy_generation[2].fir_creation/main_voter/index_reg[0]/G0                                                         |               |                                                                                                      |                1 |              1 |         1.00 |
|  redundancy_generation[2].fir_creation/redundancy_voters_generation_spares[0].generation3/index_reg[0]/G0                 |               |                                                                                                      |                1 |              1 |         1.00 |
|  redundancy_generation[3].fir_creation/main_voter/index_reg[0]/G0                                                         |               |                                                                                                      |                1 |              1 |         1.00 |
|  redundancy_generation[2].fir_creation/redundancy_voters_generation_spares[1].generation3/index_reg[0]/G0                 |               |                                                                                                      |                1 |              1 |         1.00 |
|  redundancy_generation[3].fir_creation/redundancy_voters_generation_originals[0].generation2/index_reg[0]/G0              |               |                                                                                                      |                1 |              1 |         1.00 |
|  redundancy_generation[1].fir_creation/redundancy_voters_generation_originals[2].generation2/index_reg[1]_i_1__7_n_7      |               | redundancy_generation[1].fir_creation/redundancy_voters_generation_originals[2].generation2/index[1] |                1 |              1 |         1.00 |
|  redundancy_generation[3].fir_creation/redundancy_voters_generation_originals[1].generation2/index_reg[1]_i_1__18_n_7     |               | redundancy_generation[3].fir_creation/redundancy_voters_generation_originals[1].generation2/index[1] |                1 |              1 |         1.00 |
|  n_2_7565_BUFG                                                                                                            |               | redundancy_generation[3].fir_creation/redundancy_voters_generation_originals[0].generation2/index[1] |                1 |              1 |         1.00 |
|  first_section/redundancy_voters_generation_spares[0].generation3/index_reg[1]_i_1__2_n_7                                 |               | first_section/redundancy_voters_generation_spares[0].generation3/index[1]                            |                1 |              1 |         1.00 |
|  redundancy_generation[3].fir_creation/redundancy_voters_generation_originals[2].generation2/index_reg[0]/G0              |               |                                                                                                      |                1 |              1 |         1.00 |
|  redundancy_generation[1].fir_creation/redundancy_voters_generation_originals[1].generation2/index_reg[1]_i_1__6_n_7      |               | redundancy_generation[1].fir_creation/redundancy_voters_generation_originals[1].generation2/index[1] |                1 |              1 |         1.00 |
|  redundancy_generation[2].fir_creation/redundancy_voters_generation_originals[0].generation2/index_reg[1]_i_1__11_n_7     |               | redundancy_generation[2].fir_creation/redundancy_voters_generation_originals[0].generation2/index[1] |                1 |              1 |         1.00 |
|  first_section/redundancy_voters_generation_originals[2].generation2/index_reg[1]_i_1__1_n_7                              |               | first_section/redundancy_voters_generation_originals[2].generation2/index[1]                         |                1 |              1 |         1.00 |
|  redundancy_generation[3].fir_creation/redundancy_voters_generation_spares[0].generation3/index_reg[0]/G0                 |               |                                                                                                      |                1 |              1 |         1.00 |
|  redundancy_generation[3].fir_creation/redundancy_voters_generation_originals[1].generation2/index_reg[0]/G0              |               |                                                                                                      |                1 |              1 |         1.00 |
|  redundancy_generation[2].fir_creation/redundancy_voters_generation_spares[1].generation3/index_reg[1]_i_1__15_n_7        |               | redundancy_generation[2].fir_creation/redundancy_voters_generation_spares[1].generation3/index[1]    |                1 |              1 |         1.00 |
|  redundancy_generation[2].fir_creation/redundancy_voters_generation_originals[1].generation2/index_reg[1]_i_1__12_n_7     |               | redundancy_generation[2].fir_creation/redundancy_voters_generation_originals[1].generation2/index[1] |                1 |              1 |         1.00 |
|  redundancy_generation[4].fir_creation/redundancy_voters_generation_originals[0].generation2/index_reg[0]/G0              |               |                                                                                                      |                1 |              1 |         1.00 |
|  redundancy_generation[4].fir_creation/main_voter/index_reg[0]/G0                                                         |               |                                                                                                      |                1 |              1 |         1.00 |
|  redundancy_generation[4].fir_creation/redundancy_voters_generation_originals[1].generation2/index_reg[0]/G0              |               |                                                                                                      |                1 |              1 |         1.00 |
|  redundancy_generation[5].fir_creation/redundancy_voters_generation_spares[1].generation3/index_reg[0]/G0                 |               |                                                                                                      |                1 |              1 |         1.00 |
|  redundancy_generation[4].fir_creation/redundancy_voters_generation_spares[0].generation3/index_reg[0]/G0                 |               |                                                                                                      |                1 |              1 |         1.00 |
|  redundancy_generation[1].fir_creation/redundancy_voters_generation_originals[0].generation2/index_reg[1]_i_1__5_n_7      |               | redundancy_generation[1].fir_creation/redundancy_voters_generation_originals[0].generation2/index[1] |                1 |              1 |         1.00 |
|  redundancy_generation[1].fir_creation/redundancy_voters_generation_spares[1].generation3/index_reg[1]_i_1__9_n_7         |               | redundancy_generation[1].fir_creation/redundancy_voters_generation_spares[1].generation3/index[1]    |                1 |              1 |         1.00 |
|  redundancy_generation[3].fir_creation/redundancy_voters_generation_spares[0].generation3/index_reg[1]_i_1__20_n_7        |               | redundancy_generation[3].fir_creation/redundancy_voters_generation_spares[0].generation3/index[1]    |                1 |              1 |         1.00 |
|  redundancy_generation[2].fir_creation/redundancy_voters_generation_originals[2].generation2/index_reg[1]_i_1__13_n_7     |               | redundancy_generation[2].fir_creation/redundancy_voters_generation_originals[2].generation2/index[1] |                1 |              1 |         1.00 |
|  redundancy_generation[1].fir_creation/main_voter/index_reg[1]_i_1__10_n_7                                                |               | redundancy_generation[1].fir_creation/main_voter/index[1]                                            |                1 |              1 |         1.00 |
|  redundancy_generation[3].fir_creation/redundancy_voters_generation_originals[2].generation2/index_reg[1]_i_1__19_n_7     |               | redundancy_generation[3].fir_creation/redundancy_voters_generation_originals[2].generation2/index[1] |                1 |              1 |         1.00 |
|  redundancy_generation[4].fir_creation/redundancy_voters_generation_originals[2].generation2/index_reg[0]/G0              |               |                                                                                                      |                1 |              1 |         1.00 |
|  redundancy_generation[3].fir_creation/main_voter/index_reg[1]_i_1__22_n_7                                                |               | redundancy_generation[3].fir_creation/main_voter/index[1]                                            |                1 |              1 |         1.00 |
|  redundancy_generation[3].fir_creation/redundancy_voters_generation_spares[1].generation3/index_reg[1]_i_1__21_n_7        |               | redundancy_generation[3].fir_creation/redundancy_voters_generation_spares[1].generation3/index[1]    |                1 |              1 |         1.00 |
|  redundancy_generation[4].fir_creation/main_voter/index_reg[1]_i_1__28_n_7                                                |               | redundancy_generation[4].fir_creation/main_voter/index[1]                                            |                1 |              1 |         1.00 |
|  redundancy_generation[4].fir_creation/redundancy_voters_generation_spares[1].generation3/index_reg[0]/G0                 |               |                                                                                                      |                1 |              1 |         1.00 |
|  redundancy_generation[5].fir_creation/redundancy_voters_generation_originals[0].generation2/index_reg[0]/G0              |               |                                                                                                      |                1 |              1 |         1.00 |
|  redundancy_generation[5].fir_creation/main_voter/index_reg[0]/G0                                                         |               |                                                                                                      |                1 |              1 |         1.00 |
|  redundancy_generation[5].fir_creation/redundancy_voters_generation_originals[1].generation2/index_reg[0]/G0              |               |                                                                                                      |                1 |              1 |         1.00 |
|  redundancy_generation[4].fir_creation/redundancy_voters_generation_originals[0].generation2/index_reg[1]_i_1__23_n_7     |               | redundancy_generation[4].fir_creation/redundancy_voters_generation_originals[0].generation2/index[1] |                1 |              1 |         1.00 |
|  redundancy_generation[4].fir_creation/redundancy_voters_generation_originals[1].generation2/index_reg[1]_i_1__24_n_7     |               | redundancy_generation[4].fir_creation/redundancy_voters_generation_originals[1].generation2/index[1] |                1 |              1 |         1.00 |
|  redundancy_generation[4].fir_creation/redundancy_voters_generation_originals[2].generation2/index_reg[1]_i_1__25_n_7     |               | redundancy_generation[4].fir_creation/redundancy_voters_generation_originals[2].generation2/index[1] |                1 |              1 |         1.00 |
|  redundancy_generation[4].fir_creation/redundancy_voters_generation_spares[0].generation3/index_reg[1]_i_1__26_n_7        |               | redundancy_generation[4].fir_creation/redundancy_voters_generation_spares[0].generation3/index[1]    |                1 |              1 |         1.00 |
|  redundancy_generation[4].fir_creation/redundancy_voters_generation_spares[1].generation3/index_reg[1]_i_1__27_n_7        |               | redundancy_generation[4].fir_creation/redundancy_voters_generation_spares[1].generation3/index[1]    |                1 |              1 |         1.00 |
|  redundancy_generation[5].fir_creation/redundancy_voters_generation_originals[2].generation2/index_reg[0]/G0              |               |                                                                                                      |                1 |              1 |         1.00 |
|  redundancy_generation[5].fir_creation/redundancy_voters_generation_spares[0].generation3/index_reg[0]/G0                 |               |                                                                                                      |                1 |              1 |         1.00 |
|  redundancy_generation[3].fir_creation/redundancy_voters_generation_spares[1].generation3/index_reg[0]/G0                 |               |                                                                                                      |                1 |              1 |         1.00 |
|  redundancy_generation[5].fir_creation/redundancy_voters_generation_spares[0].generation3/index_reg[1]_i_1__32_n_7        |               | redundancy_generation[5].fir_creation/redundancy_voters_generation_spares[0].generation3/index[1]    |                1 |              1 |         1.00 |
|  redundancy_generation[5].fir_creation/redundancy_voters_generation_originals[0].generation2/index_reg[1]_i_1__29_n_7     |               | redundancy_generation[5].fir_creation/redundancy_voters_generation_originals[0].generation2/index[1] |                1 |              1 |         1.00 |
|  redundancy_generation[1].fir_creation/redundancy_voters_generation_originals[2].generation2/index_reg[0]/G0              |               |                                                                                                      |                1 |              1 |         1.00 |
|  redundancy_generation[5].fir_creation/redundancy_voters_generation_originals[1].generation2/index_reg[1]_i_1__30_n_7     |               | redundancy_generation[5].fir_creation/redundancy_voters_generation_originals[1].generation2/index[1] |                1 |              1 |         1.00 |
|  redundancy_generation[5].fir_creation/redundancy_voters_generation_originals[2].generation2/index_reg[1]_i_1__31_n_7     |               | redundancy_generation[5].fir_creation/redundancy_voters_generation_originals[2].generation2/index[1] |                1 |              1 |         1.00 |
|  n_5_13841_BUFG                                                                                                           |               | redundancy_generation[5].fir_creation/redundancy_voters_generation_spares[1].generation3/index[1]    |                1 |              1 |         1.00 |
|  n_0_311_BUFG                                                                                                             |               | first_section/redundancy_voters_generation_originals[0].generation2/index[1]                         |                1 |              1 |         1.00 |
|  n_4_671_BUFG                                                                                                             |               | first_section/redundancy_voters_generation_originals[1].generation2/index[1]                         |                1 |              1 |         1.00 |
|  n_6_7205_BUFG                                                                                                            |               | redundancy_generation[2].fir_creation/main_voter/index[1]                                            |                1 |              1 |         1.00 |
|  n_1_14459_BUFG                                                                                                           |               | redundancy_generation[5].fir_creation/main_voter/index[1]                                            |                1 |              1 |         1.00 |
|  n_3_3809_BUFG                                                                                                            |               | redundancy_generation[1].fir_creation/redundancy_voters_generation_spares[0].generation3/index[1]    |                1 |              1 |         1.00 |
|  first_section/main_voter/index_reg[0]/G0                                                                                 |               |                                                                                                      |                1 |              1 |         1.00 |
|  first_section/redundancy_voters_generation_originals[0].generation2/index_reg[0]/G0                                      |               |                                                                                                      |                1 |              1 |         1.00 |
|  first_section/redundancy_voters_generation_originals[2].generation2/index_reg[0]/G0                                      |               |                                                                                                      |                1 |              1 |         1.00 |
|  first_section/redundancy_voters_generation_spares[0].generation3/index_reg[0]/G0                                         |               |                                                                                                      |                1 |              1 |         1.00 |
|  first_section/redundancy_voters_generation_originals[1].generation2/index_reg[0]/G0                                      |               |                                                                                                      |                1 |              1 |         1.00 |
|  first_section/redundancy_voters_generation_spares[1].generation3/index_reg[0]/G0                                         |               |                                                                                                      |                1 |              1 |         1.00 |
|  redundancy_generation[1].fir_creation/redundancy_voters_generation_originals[1].generation2/index_reg[0]/G0              |               |                                                                                                      |                1 |              1 |         1.00 |
|  redundancy_generation[1].fir_creation/main_voter/index_reg[0]/G0                                                         |               |                                                                                                      |                1 |              1 |         1.00 |
|  redundancy_generation[1].fir_creation/redundancy_voters_generation_originals[0].generation2/index_reg[0]/G0              |               |                                                                                                      |                1 |              1 |         1.00 |
|  redundancy_generation[1].fir_creation/redundancy_voters_generation_spares[0].generation3/index_reg[0]/G0                 |               |                                                                                                      |                1 |              1 |         1.00 |
|  redundancy_generation[1].fir_creation/redundancy_voters_generation_spares[1].generation3/index_reg[0]/G0                 |               |                                                                                                      |                1 |              1 |         1.00 |
|  redundancy_generation[2].fir_creation/redundancy_voters_generation_originals[0].generation2/index_reg[0]/G0              |               |                                                                                                      |                1 |              1 |         1.00 |
|  first_section/main_voter/E[0]                                                                                            |               |                                                                                                      |                1 |              2 |         2.00 |
|  first_section/main_voter/comp_out_t[0]                                                                                   |               |                                                                                                      |                1 |              2 |         2.00 |
|  first_section/main_voter/sel_reg[2][1]_i_4_0[0]                                                                          |               |                                                                                                      |                1 |              2 |         2.00 |
|  first_section/main_voter/sel_reg[2][1]_i_2_1[0]                                                                          |               |                                                                                                      |                1 |              2 |         2.00 |
|  redundancy_generation[2].fir_creation/main_voter/comp_out_t[0]                                                           |               |                                                                                                      |                1 |              2 |         2.00 |
|  redundancy_generation[2].fir_creation/main_voter/sel_reg[2][1]_i_2__1_1[0]                                               |               |                                                                                                      |                1 |              2 |         2.00 |
|  redundancy_generation[2].fir_creation/main_voter/sel_reg[2][1]_i_4__1_0[0]                                               |               |                                                                                                      |                1 |              2 |         2.00 |
|  redundancy_generation[3].fir_creation/main_voter/E[0]                                                                    |               |                                                                                                      |                1 |              2 |         2.00 |
|  redundancy_generation[3].fir_creation/main_voter/comp_out_t[0]                                                           |               |                                                                                                      |                1 |              2 |         2.00 |
|  redundancy_generation[3].fir_creation/main_voter/sel_reg[2][1]_i_4__2_0[0]                                               |               |                                                                                                      |                1 |              2 |         2.00 |
|  redundancy_generation[1].fir_creation/main_voter/comp_out_t[0]                                                           |               |                                                                                                      |                1 |              2 |         2.00 |
|  redundancy_generation[1].fir_creation/main_voter/sel_reg[2][1]_i_2__0_1[0]                                               |               |                                                                                                      |                1 |              2 |         2.00 |
|  redundancy_generation[1].fir_creation/main_voter/sel_reg[2][1]_i_4__0_0[0]                                               |               |                                                                                                      |                1 |              2 |         2.00 |
|  redundancy_generation[3].fir_creation/main_voter/sel_reg[2][1]_i_2__2_1[0]                                               |               |                                                                                                      |                1 |              2 |         2.00 |
|  redundancy_generation[1].fir_creation/main_voter/E[0]                                                                    |               |                                                                                                      |                1 |              2 |         2.00 |
|  redundancy_generation[4].fir_creation/main_voter/E[0]                                                                    |               |                                                                                                      |                1 |              2 |         2.00 |
|  redundancy_generation[4].fir_creation/main_voter/comp_out_t[0]                                                           |               |                                                                                                      |                1 |              2 |         2.00 |
|  redundancy_generation[4].fir_creation/main_voter/sel_reg[2][1]_i_2__3_1[0]                                               |               |                                                                                                      |                1 |              2 |         2.00 |
|  redundancy_generation[4].fir_creation/main_voter/sel_reg[2][1]_i_4__3_0[0]                                               |               |                                                                                                      |                1 |              2 |         2.00 |
|  redundancy_generation[5].fir_creation/main_voter/E[0]                                                                    |               |                                                                                                      |                1 |              2 |         2.00 |
|  redundancy_generation[5].fir_creation/main_voter/comp_out_t[0]                                                           |               |                                                                                                      |                1 |              2 |         2.00 |
|  redundancy_generation[5].fir_creation/main_voter/sel_reg[2][1]_i_2__4_1[0]                                               |               |                                                                                                      |                1 |              2 |         2.00 |
|  redundancy_generation[5].fir_creation/main_voter/sel_reg[2][1]_i_4__4_0[0]                                               |               |                                                                                                      |                1 |              2 |         2.00 |
|  redundancy_generation[2].fir_creation/main_voter/E[0]                                                                    |               |                                                                                                      |                1 |              2 |         2.00 |
|  clk_i_IBUF_BUFG                                                                                                          |               |                                                                                                      |               15 |             24 |         1.60 |
|  redundancy_generation[3].fir_creation/redundancy_voters_generation_originals[2].generation2/cnt_v_reg[1][31]_i_2__19_n_7 |               |                                                                                                      |               11 |             32 |         2.91 |
|  redundancy_generation[3].fir_creation/redundancy_voters_generation_originals[2].generation2/cnt_v_reg[2][31]_i_2__19_n_7 |               |                                                                                                      |               11 |             32 |         2.91 |
|  redundancy_generation[3].fir_creation/redundancy_voters_generation_originals[2].generation2/max_reg[31]_i_2__19_n_7      |               |                                                                                                      |               19 |             32 |         1.68 |
|  redundancy_generation[3].fir_creation/redundancy_voters_generation_spares[0].generation3/cnt_v_reg[1][31]_i_2__20_n_7    |               |                                                                                                      |               12 |             32 |         2.67 |
|  redundancy_generation[3].fir_creation/redundancy_voters_generation_spares[0].generation3/cnt_v_reg[2][31]_i_2__20_n_7    |               |                                                                                                      |               10 |             32 |         3.20 |
|  redundancy_generation[1].fir_creation/redundancy_voters_generation_originals[0].generation2/cnt_v_reg[1][31]_i_2__5_n_7  |               |                                                                                                      |               12 |             32 |         2.67 |
|  redundancy_generation[3].fir_creation/redundancy_voters_generation_spares[1].generation3/cnt_v_reg[1][31]_i_2__21_n_7    |               |                                                                                                      |               12 |             32 |         2.67 |
|  redundancy_generation[3].fir_creation/redundancy_voters_generation_spares[1].generation3/cnt_v_reg[2][31]_i_2__21_n_7    |               |                                                                                                      |               13 |             32 |         2.46 |
|  first_section/main_voter/cnt_v_reg[2][31]_i_2__4_n_7_BUFG                                                                |               |                                                                                                      |               14 |             32 |         2.29 |
|  redundancy_generation[3].fir_creation/redundancy_voters_generation_spares[1].generation3/max_reg[31]_i_2__21_n_7         |               |                                                                                                      |               17 |             32 |         1.88 |
|  redundancy_generation[4].fir_creation/main_voter/cnt_v_reg[1][31]_i_2__28_n_7                                            |               |                                                                                                      |               12 |             32 |         2.67 |
|  redundancy_generation[4].fir_creation/main_voter/cnt_v_reg[2][31]_i_2__28_n_7                                            |               |                                                                                                      |               12 |             32 |         2.67 |
|  first_section/main_voter/max_reg[31]_i_2__4_n_7_BUFG                                                                     |               |                                                                                                      |               18 |             32 |         1.78 |
|  redundancy_generation[4].fir_creation/main_voter/max_reg[31]_i_2__28_n_7                                                 |               |                                                                                                      |               18 |             32 |         1.78 |
|  first_section/main_voter/cnt_v_reg[1][31]_i_2__4_n_7_BUFG                                                                |               |                                                                                                      |               12 |             32 |         2.67 |
|  first_section/redundancy_voters_generation_originals[1].generation2/cnt_v_reg[1][31]_i_2__0_n_7                          |               |                                                                                                      |               12 |             32 |         2.67 |
|  first_section/redundancy_voters_generation_originals[1].generation2/cnt_v_reg[2][31]_i_2__0_n_7                          |               |                                                                                                      |               12 |             32 |         2.67 |
|  first_section/redundancy_voters_generation_originals[1].generation2/max_reg[31]_i_2__0_n_7                               |               |                                                                                                      |               15 |             32 |         2.13 |
|  redundancy_generation[4].fir_creation/redundancy_voters_generation_originals[0].generation2/cnt_v_reg[1][31]_i_2__23_n_7 |               |                                                                                                      |               13 |             32 |         2.46 |
|  redundancy_generation[4].fir_creation/redundancy_voters_generation_originals[0].generation2/cnt_v_reg[2][31]_i_2__23_n_7 |               |                                                                                                      |               12 |             32 |         2.67 |
|  first_section/redundancy_voters_generation_spares[0].generation3/cnt_v_reg[1][31]_i_2__2_n_7                             |               |                                                                                                      |               12 |             32 |         2.67 |
|  redundancy_generation[4].fir_creation/redundancy_voters_generation_originals[0].generation2/max_reg[31]_i_2__23_n_7      |               |                                                                                                      |               16 |             32 |         2.00 |
|  redundancy_generation[4].fir_creation/redundancy_voters_generation_originals[1].generation2/cnt_v_reg[1][31]_i_2__24_n_7 |               |                                                                                                      |               12 |             32 |         2.67 |
|  redundancy_generation[4].fir_creation/redundancy_voters_generation_originals[1].generation2/cnt_v_reg[2][31]_i_2__24_n_7 |               |                                                                                                      |               15 |             32 |         2.13 |
|  first_section/redundancy_voters_generation_spares[0].generation3/cnt_v_reg[2][31]_i_2__2_n_7                             |               |                                                                                                      |               16 |             32 |         2.00 |
|  redundancy_generation[4].fir_creation/redundancy_voters_generation_originals[1].generation2/max_reg[31]_i_2__24_n_7      |               |                                                                                                      |               19 |             32 |         1.68 |
|  redundancy_generation[4].fir_creation/redundancy_voters_generation_originals[2].generation2/cnt_v_reg[1][31]_i_2__25_n_7 |               |                                                                                                      |               14 |             32 |         2.29 |
|  redundancy_generation[4].fir_creation/redundancy_voters_generation_originals[2].generation2/cnt_v_reg[2][31]_i_2__25_n_7 |               |                                                                                                      |               10 |             32 |         3.20 |
|  first_section/redundancy_voters_generation_spares[0].generation3/max_reg[31]_i_2__2_n_7                                  |               |                                                                                                      |               18 |             32 |         1.78 |
|  redundancy_generation[4].fir_creation/redundancy_voters_generation_originals[2].generation2/max_reg[31]_i_2__25_n_7      |               |                                                                                                      |               16 |             32 |         2.00 |
|  redundancy_generation[4].fir_creation/redundancy_voters_generation_spares[1].generation3/cnt_v_reg[1][31]_i_2__27_n_7    |               |                                                                                                      |               13 |             32 |         2.46 |
|  redundancy_generation[4].fir_creation/redundancy_voters_generation_spares[0].generation3/cnt_v_reg[1][31]_i_2__26_n_7    |               |                                                                                                      |               11 |             32 |         2.91 |
|  redundancy_generation[4].fir_creation/redundancy_voters_generation_spares[0].generation3/cnt_v_reg[2][31]_i_2__26_n_7    |               |                                                                                                      |               12 |             32 |         2.67 |
|  first_section/redundancy_voters_generation_originals[2].generation2/cnt_v_reg[1][31]_i_2__1_n_7                          |               |                                                                                                      |               14 |             32 |         2.29 |
|  redundancy_generation[4].fir_creation/redundancy_voters_generation_spares[0].generation3/max_reg[31]_i_2__26_n_7         |               |                                                                                                      |               15 |             32 |         2.13 |
|  redundancy_generation[4].fir_creation/redundancy_voters_generation_spares[1].generation3/cnt_v_reg[2][31]_i_2__27_n_7    |               |                                                                                                      |               11 |             32 |         2.91 |
|  first_section/redundancy_voters_generation_originals[2].generation2/cnt_v_reg[2][31]_i_2__1_n_7                          |               |                                                                                                      |               10 |             32 |         3.20 |
|  redundancy_generation[4].fir_creation/redundancy_voters_generation_spares[1].generation3/max_reg[31]_i_2__27_n_7         |               |                                                                                                      |               16 |             32 |         2.00 |
|  redundancy_generation[5].fir_creation/main_voter/cnt_v_reg[1][31]_i_2__34_n_7                                            |               |                                                                                                      |               14 |             32 |         2.29 |
|  redundancy_generation[5].fir_creation/main_voter/cnt_v_reg[2][31]_i_2__34_n_7                                            |               |                                                                                                      |               13 |             32 |         2.46 |
|  redundancy_generation[5].fir_creation/main_voter/max_reg[31]_i_2__34_n_7                                                 |               |                                                                                                      |               19 |             32 |         1.68 |
|  first_section/redundancy_voters_generation_originals[2].generation2/max_reg[31]_i_2__1_n_7                               |               |                                                                                                      |               18 |             32 |         1.78 |
|  first_section/redundancy_voters_generation_originals[0].generation2/cnt_v_reg[1][31]_i_2_n_7                             |               |                                                                                                      |               11 |             32 |         2.91 |
|  first_section/redundancy_voters_generation_originals[0].generation2/cnt_v_reg[2][31]_i_2_n_7                             |               |                                                                                                      |               12 |             32 |         2.67 |
|  first_section/redundancy_voters_generation_originals[0].generation2/max_reg[31]_i_2_n_7_BUFG                             |               |                                                                                                      |               22 |             32 |         1.45 |
|  redundancy_generation[5].fir_creation/redundancy_voters_generation_spares[0].generation3/cnt_v_reg[1][31]_i_2__32_n_7    |               |                                                                                                      |               11 |             32 |         2.91 |
|  redundancy_generation[5].fir_creation/redundancy_voters_generation_spares[0].generation3/cnt_v_reg[2][31]_i_2__32_n_7    |               |                                                                                                      |               13 |             32 |         2.46 |
|  redundancy_generation[1].fir_creation/redundancy_voters_generation_originals[0].generation2/cnt_v_reg[2][31]_i_2__5_n_7  |               |                                                                                                      |               10 |             32 |         3.20 |
|  redundancy_generation[5].fir_creation/redundancy_voters_generation_spares[0].generation3/max_reg[31]_i_2__32_n_7         |               |                                                                                                      |               17 |             32 |         1.88 |
|  redundancy_generation[5].fir_creation/redundancy_voters_generation_originals[0].generation2/cnt_v_reg[1][31]_i_2__29_n_7 |               |                                                                                                      |                9 |             32 |         3.56 |
|  redundancy_generation[5].fir_creation/redundancy_voters_generation_spares[1].generation3/cnt_v_reg[1][31]_i_2__33_n_7    |               |                                                                                                      |               10 |             32 |         3.20 |
|  redundancy_generation[5].fir_creation/redundancy_voters_generation_spares[1].generation3/cnt_v_reg[2][31]_i_2__33_n_7    |               |                                                                                                      |               14 |             32 |         2.29 |
|  redundancy_generation[5].fir_creation/redundancy_voters_generation_spares[1].generation3/max_reg[31]_i_2__33_n_7         |               |                                                                                                      |               17 |             32 |         1.88 |
|  redundancy_generation[5].fir_creation/redundancy_voters_generation_originals[0].generation2/cnt_v_reg[2][31]_i_2__29_n_7 |               |                                                                                                      |               12 |             32 |         2.67 |
|  redundancy_generation[1].fir_creation/redundancy_voters_generation_originals[0].generation2/max_reg[31]_i_2__5_n_7       |               |                                                                                                      |               17 |             32 |         1.88 |
|  redundancy_generation[5].fir_creation/redundancy_voters_generation_originals[0].generation2/max_reg[31]_i_2__29_n_7      |               |                                                                                                      |               17 |             32 |         1.88 |
|  redundancy_generation[5].fir_creation/redundancy_voters_generation_originals[1].generation2/cnt_v_reg[1][31]_i_2__30_n_7 |               |                                                                                                      |               11 |             32 |         2.91 |
|  redundancy_generation[1].fir_creation/main_voter/cnt_v_reg[1][31]_i_2__10_n_7                                            |               |                                                                                                      |               10 |             32 |         3.20 |
|  redundancy_generation[5].fir_creation/redundancy_voters_generation_originals[2].generation2/max_reg[31]_i_2__31_n_7      |               |                                                                                                      |               17 |             32 |         1.88 |
|  redundancy_generation[1].fir_creation/main_voter/cnt_v_reg[2][31]_i_2__10_n_7                                            |               |                                                                                                      |               13 |             32 |         2.46 |
|  redundancy_generation[5].fir_creation/redundancy_voters_generation_originals[1].generation2/max_reg[31]_i_2__30_n_7      |               |                                                                                                      |               19 |             32 |         1.68 |
|  redundancy_generation[5].fir_creation/redundancy_voters_generation_originals[2].generation2/cnt_v_reg[1][31]_i_2__31_n_7 |               |                                                                                                      |               13 |             32 |         2.46 |
|  redundancy_generation[5].fir_creation/redundancy_voters_generation_originals[2].generation2/cnt_v_reg[2][31]_i_2__31_n_7 |               |                                                                                                      |               12 |             32 |         2.67 |
|  redundancy_generation[1].fir_creation/main_voter/max_reg[31]_i_2__10_n_7                                                 |               |                                                                                                      |               18 |             32 |         1.78 |
|  first_section/redundancy_voters_generation_spares[1].generation3/cnt_v_reg[1][31]_i_2__3_n_7                             |               |                                                                                                      |               12 |             32 |         2.67 |
|  first_section/redundancy_voters_generation_spares[1].generation3/cnt_v_reg[2][31]_i_2__3_n_7                             |               |                                                                                                      |               12 |             32 |         2.67 |
|  first_section/redundancy_voters_generation_spares[1].generation3/max_reg[31]_i_2__3_n_7                                  |               |                                                                                                      |               20 |             32 |         1.60 |
|  redundancy_generation[1].fir_creation/redundancy_voters_generation_originals[2].generation2/cnt_v_reg[1][31]_i_2__7_n_7  |               |                                                                                                      |               13 |             32 |         2.46 |
|  redundancy_generation[1].fir_creation/redundancy_voters_generation_originals[2].generation2/cnt_v_reg[2][31]_i_2__7_n_7  |               |                                                                                                      |               14 |             32 |         2.29 |
|  redundancy_generation[1].fir_creation/redundancy_voters_generation_originals[2].generation2/max_reg[31]_i_2__7_n_7       |               |                                                                                                      |               15 |             32 |         2.13 |
|  redundancy_generation[1].fir_creation/redundancy_voters_generation_originals[1].generation2/cnt_v_reg[1][31]_i_2__6_n_7  |               |                                                                                                      |               12 |             32 |         2.67 |
|  redundancy_generation[1].fir_creation/redundancy_voters_generation_originals[1].generation2/cnt_v_reg[2][31]_i_2__6_n_7  |               |                                                                                                      |               10 |             32 |         3.20 |
|  redundancy_generation[1].fir_creation/redundancy_voters_generation_originals[1].generation2/max_reg[31]_i_2__6_n_7       |               |                                                                                                      |               18 |             32 |         1.78 |
|  redundancy_generation[1].fir_creation/redundancy_voters_generation_spares[0].generation3/cnt_v_reg[1][31]_i_2__8_n_7     |               |                                                                                                      |               14 |             32 |         2.29 |
|  redundancy_generation[1].fir_creation/redundancy_voters_generation_spares[0].generation3/cnt_v_reg[2][31]_i_2__8_n_7     |               |                                                                                                      |               11 |             32 |         2.91 |
|  redundancy_generation[1].fir_creation/redundancy_voters_generation_spares[0].generation3/max_reg[31]_i_2__8_n_7          |               |                                                                                                      |               19 |             32 |         1.68 |
|  redundancy_generation[1].fir_creation/redundancy_voters_generation_spares[1].generation3/cnt_v_reg[1][31]_i_2__9_n_7     |               |                                                                                                      |               13 |             32 |         2.46 |
|  redundancy_generation[1].fir_creation/redundancy_voters_generation_spares[1].generation3/cnt_v_reg[2][31]_i_2__9_n_7     |               |                                                                                                      |               14 |             32 |         2.29 |
|  redundancy_generation[1].fir_creation/redundancy_voters_generation_spares[1].generation3/max_reg[31]_i_2__9_n_7          |               |                                                                                                      |               14 |             32 |         2.29 |
|  redundancy_generation[2].fir_creation/main_voter/cnt_v_reg[1][31]_i_2__16_n_7                                            |               |                                                                                                      |               11 |             32 |         2.91 |
|  redundancy_generation[2].fir_creation/main_voter/cnt_v_reg[2][31]_i_2__16_n_7                                            |               |                                                                                                      |               13 |             32 |         2.46 |
|  redundancy_generation[2].fir_creation/main_voter/max_reg[31]_i_2__16_n_7                                                 |               |                                                                                                      |               18 |             32 |         1.78 |
|  redundancy_generation[3].fir_creation/redundancy_voters_generation_spares[0].generation3/max_reg[31]_i_2__20_n_7         |               |                                                                                                      |               21 |             32 |         1.52 |
|  redundancy_generation[2].fir_creation/redundancy_voters_generation_originals[0].generation2/cnt_v_reg[1][31]_i_2__11_n_7 |               |                                                                                                      |               11 |             32 |         2.91 |
|  redundancy_generation[2].fir_creation/redundancy_voters_generation_originals[0].generation2/cnt_v_reg[2][31]_i_2__11_n_7 |               |                                                                                                      |               14 |             32 |         2.29 |
|  redundancy_generation[2].fir_creation/redundancy_voters_generation_originals[1].generation2/max_reg[31]_i_2__12_n_7      |               |                                                                                                      |               16 |             32 |         2.00 |
|  redundancy_generation[2].fir_creation/redundancy_voters_generation_originals[0].generation2/max_reg[31]_i_2__11_n_7      |               |                                                                                                      |               17 |             32 |         1.88 |
|  redundancy_generation[2].fir_creation/redundancy_voters_generation_originals[1].generation2/cnt_v_reg[1][31]_i_2__12_n_7 |               |                                                                                                      |               12 |             32 |         2.67 |
|  redundancy_generation[2].fir_creation/redundancy_voters_generation_originals[1].generation2/cnt_v_reg[2][31]_i_2__12_n_7 |               |                                                                                                      |               12 |             32 |         2.67 |
|  redundancy_generation[2].fir_creation/redundancy_voters_generation_originals[2].generation2/cnt_v_reg[1][31]_i_2__13_n_7 |               |                                                                                                      |               11 |             32 |         2.91 |
|  redundancy_generation[2].fir_creation/redundancy_voters_generation_originals[2].generation2/cnt_v_reg[2][31]_i_2__13_n_7 |               |                                                                                                      |               14 |             32 |         2.29 |
|  redundancy_generation[2].fir_creation/redundancy_voters_generation_originals[2].generation2/max_reg[31]_i_2__13_n_7      |               |                                                                                                      |               19 |             32 |         1.68 |
|  redundancy_generation[2].fir_creation/redundancy_voters_generation_spares[0].generation3/cnt_v_reg[1][31]_i_2__14_n_7    |               |                                                                                                      |               11 |             32 |         2.91 |
|  redundancy_generation[2].fir_creation/redundancy_voters_generation_spares[0].generation3/cnt_v_reg[2][31]_i_2__14_n_7    |               |                                                                                                      |               14 |             32 |         2.29 |
|  redundancy_generation[2].fir_creation/redundancy_voters_generation_spares[0].generation3/max_reg[31]_i_2__14_n_7         |               |                                                                                                      |               17 |             32 |         1.88 |
|  redundancy_generation[2].fir_creation/redundancy_voters_generation_spares[1].generation3/cnt_v_reg[1][31]_i_2__15_n_7    |               |                                                                                                      |               14 |             32 |         2.29 |
|  redundancy_generation[2].fir_creation/redundancy_voters_generation_spares[1].generation3/cnt_v_reg[2][31]_i_2__15_n_7    |               |                                                                                                      |               14 |             32 |         2.29 |
|  redundancy_generation[2].fir_creation/redundancy_voters_generation_spares[1].generation3/max_reg[31]_i_2__15_n_7         |               |                                                                                                      |               16 |             32 |         2.00 |
|  redundancy_generation[3].fir_creation/main_voter/cnt_v_reg[1][31]_i_2__22_n_7                                            |               |                                                                                                      |               13 |             32 |         2.46 |
|  redundancy_generation[3].fir_creation/main_voter/cnt_v_reg[2][31]_i_2__22_n_7                                            |               |                                                                                                      |               14 |             32 |         2.29 |
|  redundancy_generation[3].fir_creation/main_voter/max_reg[31]_i_2__22_n_7                                                 |               |                                                                                                      |               22 |             32 |         1.45 |
|  redundancy_generation[3].fir_creation/redundancy_voters_generation_originals[0].generation2/cnt_v_reg[1][31]_i_2__17_n_7 |               |                                                                                                      |               16 |             32 |         2.00 |
|  redundancy_generation[3].fir_creation/redundancy_voters_generation_originals[0].generation2/cnt_v_reg[2][31]_i_2__17_n_7 |               |                                                                                                      |               11 |             32 |         2.91 |
|  redundancy_generation[3].fir_creation/redundancy_voters_generation_originals[0].generation2/max_reg[31]_i_2__17_n_7      |               |                                                                                                      |               17 |             32 |         1.88 |
|  redundancy_generation[3].fir_creation/redundancy_voters_generation_originals[1].generation2/cnt_v_reg[1][31]_i_2__18_n_7 |               |                                                                                                      |               11 |             32 |         2.91 |
|  redundancy_generation[3].fir_creation/redundancy_voters_generation_originals[1].generation2/cnt_v_reg[2][31]_i_2__18_n_7 |               |                                                                                                      |               11 |             32 |         2.91 |
|  redundancy_generation[3].fir_creation/redundancy_voters_generation_originals[1].generation2/max_reg[31]_i_2__18_n_7      |               |                                                                                                      |               18 |             32 |         1.78 |
|  redundancy_generation[5].fir_creation/redundancy_voters_generation_originals[1].generation2/cnt_v_reg[2][31]_i_2__30_n_7 |               |                                                                                                      |               11 |             32 |         2.91 |
+---------------------------------------------------------------------------------------------------------------------------+---------------+------------------------------------------------------------------------------------------------------+------------------+----------------+--------------+


